// Jest Snapshot v1, https://goo.gl/fbAQLP

exports[`Icon should display the icon 1`] = `<SvgMock />`;

exports[`Icon should display the icon 2`] = `<SvgMock />`;

exports[`Icon should display the icon 3`] = `<SvgMock />`;

exports[`Icon should display the icon 4`] = `<SvgMock />`;

exports[`Icon should display the icon 5`] = `<SvgMock />`;

exports[`Icon should display the icon 6`] = `<SvgMock />`;

exports[`Icon should display the icon 7`] = `<SvgMock />`;

exports[`Icon should display the icon 8`] = `<SvgMock />`;

exports[`Icon should display the icon 9`] = `<SvgMock />`;

exports[`Icon should display the icon 10`] = `<SvgMock />`;

exports[`Icon should display the icon 11`] = `<SvgMock />`;

exports[`Icon should display the icon 12`] = `<SvgMock />`;

exports[`Icon should display the icon 13`] = `<SvgMock />`;

exports[`Icon should display the icon 14`] = `<SvgMock />`;
