// Jest Snapshot v1, https://goo.gl/fbAQLP

exports[`MinimalButton should display the button 1`] = `
<View
  accessible={true}
  focusable={true}
  onClick={[Function]}
  onResponderGrant={[Function]}
  onResponderMove={[Function]}
  onResponderRelease={[Function]}
  onResponderTerminate={[Function]}
  onResponderTerminationRequest={[Function]}
  onStartShouldSetResponder={[Function]}
  style={
    Object {
      "opacity": 1,
    }
  }
  testID="minimalButton"
>
  <SvgMock
    style={
      Object {
        "color": undefined,
      }
    }
  />
</View>
`;
